
wtmp begins Tue Apr  1 15:45:23 2014
